// Jest Snapshot v1, https://goo.gl/fbAQLP

exports[`SEO on Home Page check title element 1`] = `"/vanny/akrilovye/"`;
